// Jest Snapshot v1, https://goo.gl/fbAQLP

exports[`<ZoneHeader /> should render correctly 1`] = `
<div
  className={
    Object {
      "backgroundColor": "#3BA570",
      "display": "flex",
      "height": "60px",
      "justifyContent": "space-between",
    }
  }
>
  <div
    className={
      Object {
        "backgroundColor": "#B1DBC6",
        "display": "flex",
      }
    }
  >
    <WithStyles(ForwardRef(IconButton))
      onClick={[Function]}
    >
      <HomeIcon
        style={
          Object {
            "color": "white",
          }
        }
      />
    </WithStyles(ForwardRef(IconButton))>
    <div
      className={
        Object {
          "borderRight": "60px solid #3BA570",
          "borderTop": "60px solid #B1DBC6",
        }
      }
    />
  </div>
  <div
    className={
      Object {
        "color": "#E6F0F7",
        "flex": "20",
        "fontFamily": Array [
          "OpenSans-Bold",
          "Roboto",
          "Helvetica",
          "Arial",
          "sans-serif",
        ],
        "fontSize": "15px",
        "padding": "15px 0 0 15px",
        "textTransform": "uppercase",
      }
    }
  >
    <WithStyles(HeaderText)
      subheaderText="Block 1: Multiplicative thinking"
    >
      Mock Zone
    </WithStyles(HeaderText)>
  </div>
  <Logout
    firstName="John"
    lastName="Doe"
    onLogout={[MockFunction]}
  />
  <SettingsIcon
    onSettingsClick={[MockFunction]}
  />
</div>
`;
