// Jest Snapshot v1, https://goo.gl/fbAQLP

exports[`<ButtonNavigation /> should render correctly 1`] = `null`;
